roope@Roopeshnath MINGW64 ~/Github
$ touch Local Repositories

roope@Roopeshnath MINGW64 ~/Github
$ ls
Local  Repositories

roope@Roopeshnath MINGW64 ~/Github
$ rm Local Repositories

roope@Roopeshnath MINGW64 ~/Github
$ ls

roope@Roopeshnath MINGW64 ~/Github
$ mkdir LocalRepositories

roope@Roopeshnath MINGW64 ~/Github
$ mkdir testLocalRepository

roope@Roopeshnath MINGW64 ~/Github
$ git init
Initialized empty Git repository in C:/Users/roope/Github/.git/

roope@Roopeshnath MINGW64 ~/Github (master)
$ rm -rf .git/

roope@Roopeshnath MINGW64 ~/Github
$ ls
LocalRepositories/  testLocalRepository/

roope@Roopeshnath MINGW64 ~/Github
$ pwd
/c/Users/roope/Github

roope@Roopeshnath MINGW64 ~/Github
$ mv testLocalRepository /c/Users/roope/Github/LocalRepositories/

roope@Roopeshnath MINGW64 ~/Github
$ ls
LocalRepositories/

roope@Roopeshnath MINGW64 ~/Github
$ cd LocalRepositories

roope@Roopeshnath MINGW64 ~/Github/LocalRepositories
$ git init
Initialized empty Git repository in C:/Users/roope/Github/LocalRepositories/.git/

roope@Roopeshnath MINGW64 ~/Github/LocalRepositories (master)
$  ls
testLocalRepository/

roope@Roopeshnath MINGW64 ~/Github/LocalRepositories (master)
$ rm -rf .git/

roope@Roopeshnath MINGW64 ~/Github/LocalRepositories
$  ls
testLocalRepository/

roope@Roopeshnath MINGW64 ~/Github/LocalRepositories
$ ls -lrt
total 0
drwxr-xr-x 1 roope 197609 0 Jan 23 12:12 testLocalRepository/

roope@Roopeshnath MINGW64 ~/Github/LocalRepositories
$ cd testLocalRepository

roope@Roopeshnath MINGW64 ~/Github/LocalRepositories/testLocalRepository
$ git init
Initialized empty Git repository in C:/Users/roope/Github/LocalRepositories/testLocalRepository/.git/

roope@Roopeshnath MINGW64 ~/Github/LocalRepositories/testLocalRepository (master)
$ ls

roope@Roopeshnath MINGW64 ~/Github/LocalRepositories/testLocalRepository (master)
$ ls -la
total 4
drwxr-xr-x 1 roope 197609 0 Jan 23 17:32 ./
drwxr-xr-x 1 roope 197609 0 Jan 23 17:19 ../
drwxr-xr-x 1 roope 197609 0 Jan 23 17:32 .git/

roope@Roopeshnath MINGW64 ~/Github/LocalRepositories/testLocalRepository (master)
$ vi code1

roope@Roopeshnath MINGW64 ~/Github/LocalRepositories/testLocalRepository (master)
$ git status
On branch master

No commits yet

Untracked files:
  (use "git add <file>..." to include in what will be committed)
        code1

nothing added to commit but untracked files present (use "git add" to track)

roope@Roopeshnath MINGW64 ~/Github/LocalRepositories/testLocalRepository (master)
$ git add code1
warning: in the working copy of 'code1', LF will be replaced by CRLF the next time Git touches it

roope@Roopeshnath MINGW64 ~/Github/LocalRepositories/testLocalRepository (master)
$ git status
On branch master

No commits yet

Changes to be committed:
  (use "git rm --cached <file>..." to unstage)
        new file:   code1


roope@Roopeshnath MINGW64 ~/Github/LocalRepositories/testLocalRepository (master)
$ git commmit -m "updated line1"
git: 'commmit' is not a git command. See 'git --help'.

The most similar command is
        commit

roope@Roopeshnath MINGW64 ~/Github/LocalRepositories/testLocalRepository (master)
$ git commit -m "updated line1 on code1"
Author identity unknown

*** Please tell me who you are.

Run

  git config --global user.email "you@example.com"
  git config --global user.name "Your Name"

to set your account's default identity.
Omit --global to set the identity only in this repository.

fatal: unable to auto-detect email address (got 'roope@Roopeshnath.(none)')

roope@Roopeshnath MINGW64 ~/Github/LocalRepositories/testLocalRepository (master)
$ git config --global user.email "k.roopeshchowdary@gmail.com"

roope@Roopeshnath MINGW64 ~/Github/LocalRepositories/testLocalRepository (master)
$ git config --global user.name "Roopeshnath"

roope@Roopeshnath MINGW64 ~/Github/LocalRepositories/testLocalRepository (master)
$ git status
On branch master

No commits yet

Changes to be committed:
  (use "git rm --cached <file>..." to unstage)
        new file:   code1


roope@Roopeshnath MINGW64 ~/Github/LocalRepositories/testLocalRepository (master)
$ git commit -m "updated line1 on code1"
[master (root-commit) ef7fb8b] updated line1 on code1
 1 file changed, 2 insertions(+)
 create mode 100644 code1

roope@Roopeshnath MINGW64 ~/Github/LocalRepositories/testLocalRepository (master)
$ git status
On branch master
nothing to commit, working tree clean

roope@Roopeshnath MINGW64 ~/Github/LocalRepositories/testLocalRepository (master)
$ vi code

roope@Roopeshnath MINGW64 ~/Github/LocalRepositories/testLocalRepository (master)
$ rm code

roope@Roopeshnath MINGW64 ~/Github/LocalRepositories/testLocalRepository (master)
$ ls -lrt
total 1
-rw-r--r-- 1 roope 197609 7 Jan 23 17:38 code1

roope@Roopeshnath MINGW64 ~/Github/LocalRepositories/testLocalRepository (master)
$ vi code1

roope@Roopeshnath MINGW64 ~/Github/LocalRepositories/testLocalRepository (master)
$ git status
On branch master
Changes not staged for commit:
  (use "git add <file>..." to update what will be committed)
  (use "git restore <file>..." to discard changes in working directory)
        modified:   code1

no changes added to commit (use "git add" and/or "git commit -a")

roope@Roopeshnath MINGW64 ~/Github/LocalRepositories/testLocalRepository (master)
$ git add code1
warning: in the working copy of 'code1', LF will be replaced by CRLF the next time Git touches it

roope@Roopeshnath MINGW64 ~/Github/LocalRepositories/testLocalRepository (master)
$ git status
On branch master
Changes to be committed:
  (use "git restore --staged <file>..." to unstage)
        modified:   code1


roope@Roopeshnath MINGW64 ~/Github/LocalRepositories/testLocalRepository (master)
$ git commit -m "updated line2 on code1"
[master 221bf8f] updated line2 on code1
 1 file changed, 1 insertion(+), 1 deletion(-)

roope@Roopeshnath MINGW64 ~/Github/LocalRepositories/testLocalRepository (master)
$ git status
On branch master
nothing to commit, working tree clean

roope@Roopeshnath MINGW64 ~/Github/LocalRepositories/testLocalRepository (master)
$ vi code1

roope@Roopeshnath MINGW64 ~/Github/LocalRepositories/testLocalRepository (master)
$ git status
On branch master
Changes not staged for commit:
  (use "git add <file>..." to update what will be committed)
  (use "git restore <file>..." to discard changes in working directory)
        modified:   code1

no changes added to commit (use "git add" and/or "git commit -a")

roope@Roopeshnath MINGW64 ~/Github/LocalRepositories/testLocalRepository (master)
$ vi code2

roope@Roopeshnath MINGW64 ~/Github/LocalRepositories/testLocalRepository (master)
$ git status
On branch master
Changes not staged for commit:
  (use "git add <file>..." to update what will be committed)
  (use "git restore <file>..." to discard changes in working directory)
        modified:   code1

Untracked files:
  (use "git add <file>..." to include in what will be committed)
        code2

no changes added to commit (use "git add" and/or "git commit -a")

roope@Roopeshnath MINGW64 ~/Github/LocalRepositories/testLocalRepository (master)
$ git add .
warning: in the working copy of 'code1', LF will be replaced by CRLF the next time Git touches it
warning: in the working copy of 'code2', LF will be replaced by CRLF the next time Git touches it

roope@Roopeshnath MINGW64 ~/Github/LocalRepositories/testLocalRepository (master)
$ git status
On branch master
Changes to be committed:
  (use "git restore --staged <file>..." to unstage)
        modified:   code1
        new file:   code2


roope@Roopeshnath MINGW64 ~/Github/LocalRepositories/testLocalRepository (master)
$ git commit -m "updated line3 in code1 and line1 in code2"
[master 78fed89] updated line3 in code1 and line1 in code2
 2 files changed, 2 insertions(+)
 create mode 100644 code2

roope@Roopeshnath MINGW64 ~/Github/LocalRepositories/testLocalRepository (master)
$ git status
On branch master
nothing to commit, working tree clean

roope@Roopeshnath MINGW64 ~/Github/LocalRepositories/testLocalRepository (master)
$  vi code1

roope@Roopeshnath MINGW64 ~/Github/LocalRepositories/testLocalRepository (master)
$ vi code2

roope@Roopeshnath MINGW64 ~/Github/LocalRepositories/testLocalRepository (master)
$ git add code1
warning: in the working copy of 'code1', LF will be replaced by CRLF the next time Git touches it

roope@Roopeshnath MINGW64 ~/Github/LocalRepositories/testLocalRepository (master)
$ git status
On branch master
Changes to be committed:
  (use "git restore --staged <file>..." to unstage)
        modified:   code1

Changes not staged for commit:
  (use "git add <file>..." to update what will be committed)
  (use "git restore <file>..." to discard changes in working directory)
        modified:   code2


roope@Roopeshnath MINGW64 ~/Github/LocalRepositories/testLocalRepository (master)
$ git commit -m "updated line4 in code1"
[master 8d1949c] updated line4 in code1
 1 file changed, 1 insertion(+)

roope@Roopeshnath MINGW64 ~/Github/LocalRepositories/testLocalRepository (master)
$ git status
On branch master
Changes not staged for commit:
  (use "git add <file>..." to update what will be committed)
  (use "git restore <file>..." to discard changes in working directory)
        modified:   code2

no changes added to commit (use "git add" and/or "git commit -a")

roope@Roopeshnath MINGW64 ~/Github/LocalRepositories/testLocalRepository (master)
$ git add code2
warning: in the working copy of 'code2', LF will be replaced by CRLF the next time Git touches it

roope@Roopeshnath MINGW64 ~/Github/LocalRepositories/testLocalRepository (master)
$ git commit -m "updated line2 in code2"
[master e2881c4] updated line2 in code2
 1 file changed, 1 insertion(+)

roope@Roopeshnath MINGW64 ~/Github/LocalRepositories/testLocalRepository (master)
$ git status
On branch master
nothing to commit, working tree clean

roope@Roopeshnath MINGW64 ~/Github/LocalRepositories/testLocalRepository (master)
$ vi code1

roope@Roopeshnath MINGW64 ~/Github/LocalRepositories/testLocalRepository (master)
$ git status
On branch master
Changes not staged for commit:
  (use "git add <file>..." to update what will be committed)
  (use "git restore <file>..." to discard changes in working directory)
        modified:   code1

no changes added to commit (use "git add" and/or "git commit -a")

roope@Roopeshnath MINGW64 ~/Github/LocalRepositories/testLocalRepository (master)
$ git restore code1

roope@Roopeshnath MINGW64 ~/Github/LocalRepositories/testLocalRepository (master)
$ git status
On branch master
nothing to commit, working tree clean

roope@Roopeshnath MINGW64 ~/Github/LocalRepositories/testLocalRepository (master)
$ ls
code1  code2

roope@Roopeshnath MINGW64 ~/Github/LocalRepositories/testLocalRepository (master)
$
roope@Roopeshnath MINGW64 ~/Github/LocalRepositories/testLocalRepository (master)
$ git clone https://github.com/Roopeshnath/Git_GitHub.git
Cloning into 'Git_GitHub'...
remote: Enumerating objects: 9, done.
remote: Counting objects: 100% (9/9), done.
remote: Compressing objects: 100% (8/8), done.
remote: Total 9 (delta 1), reused 0 (delta 0), pack-reused 0 (from 0)
Receiving objects: 100% (9/9), 5.71 KiB | 1.90 MiB/s, done.
Resolving deltas: 100% (1/1), done.

roope@Roopeshnath MINGW64 ~/Github/LocalRepositories/testLocalRepository (master)
$ ls
Git_GitHub/  code1  code2  noteslocalrepo

roope@Roopeshnath MINGW64 ~/Github/LocalRepositories/testLocalRepository (master)
$ mv noteslocalrepo /Github/LocalRepositories/testLocalRepository/Git_GitHub/
mv: cannot move 'noteslocalrepo' to '/Github/LocalRepositories/testLocalRepository/Git_GitHub/': No such file or directory

roope@Roopeshnath MINGW64 ~/Github/LocalRepositories/testLocalRepository (master)
$ cp noteslocalrepo /Github/LocalRepositories/testLocalRepository/Git_GitHub/
cp: cannot create regular file '/Github/LocalRepositories/testLocalRepository/Git_GitHub/': No such file or directory

roope@Roopeshnath MINGW64 ~/Github/LocalRepositories/testLocalRepository (master)
$ ls
Git_GitHub/  code1  code2  noteslocalrepo

roope@Roopeshnath MINGW64 ~/Github/LocalRepositories/testLocalRepository (master)
$ cp noteslocalrepo Git_GitHub/

roope@Roopeshnath MINGW64 ~/Github/LocalRepositories/testLocalRepository (master)
$ ls
Git_GitHub/  code1  code2  noteslocalrepo

roope@Roopeshnath MINGW64 ~/Github/LocalRepositories/testLocalRepository (master)
$ cd git_GitHub/

roope@Roopeshnath MINGW64 ~/Github/LocalRepositories/testLocalRepository/git_GitHub (main)
$ ls
'Git Rebase'  'Git cherry picking'  'Git reset and revert'   noteslocalrepo

roope@Roopeshnath MINGW64 ~/Github/LocalRepositories/testLocalRepository/git_GitHub (main)
$ cd ..

roope@Roopeshnath MINGW64 ~/Github/LocalRepositories/testLocalRepository (master)
$ pwd
/c/Users/roope/Github/LocalRepositories/testLocalRepository

roope@Roopeshnath MINGW64 ~/Github/LocalRepositories/testLocalRepository (master)
$ ls
Git_GitHub/  code1  code2  noteslocalrepo

roope@Roopeshnath MINGW64 ~/Github/LocalRepositories/testLocalRepository (master)
$ cd Git_GitHub/

roope@Roopeshnath MINGW64 ~/Github/LocalRepositories/testLocalRepository/Git_GitHub (main)
$ ls
'Git Rebase'  'Git cherry picking'  'Git reset and revert'   noteslocalrepo

roope@Roopeshnath MINGW64 ~/Github/LocalRepositories/testLocalRepository/Git_GitHub (main)
$ git branch
* main

roope@Roopeshnath MINGW64 ~/Github/LocalRepositories/testLocalRepository/Git_GitHub (main)
$ git branch testlocalreop

roope@Roopeshnath MINGW64 ~/Github/LocalRepositories/testLocalRepository/Git_GitHub (main)
$ gitbranch
bash: gitbranch: command not found

roope@Roopeshnath MINGW64 ~/Github/LocalRepositories/testLocalRepository/Git_GitHub (main)
$ git branch
* main
  testlocalreop

roope@Roopeshnath MINGW64 ~/Github/LocalRepositories/testLocalRepository/Git_GitHub (main)
$

